[salsanewyork.com/calendar/index.html]
[backblue.gif]
[fade.gif]
[index.html]
[www.salsanewyork.com/salsa-new-york-square.png]
[salsanewyork.com/favicon/apple-icon-57x57.png]
[salsanewyork.com/favicon/apple-icon-60x60.png]
[salsanewyork.com/favicon/apple-icon-72x72.png]
[salsanewyork.com/favicon/apple-icon-76x76.png]
[salsanewyork.com/favicon/apple-icon-114x114.png]
[salsanewyork.com/favicon/apple-icon-120x120.png]
[salsanewyork.com/favicon/apple-icon-144x144.png]
[salsanewyork.com/favicon/apple-icon-152x152.png]
[salsanewyork.com/favicon/apple-icon-180x180.png]
[salsanewyork.com/favicon/android-icon-192x192.png]
[salsanewyork.com/favicon/favicon-32x32.png]
[salsanewyork.com/favicon/favicon-96x96.png]
[salsanewyork.com/favicon/favicon-16x16.png]
[cdn-images.mailchimp.com/embedcode/classic-10_7.css]
[cdnjs.cloudflare.com/ajax/libs/animate.css/3.7.2/animate.min.css]
[salsanewyork.com/css/chunk-vendors.96a655cf.css]
[salsanewyork.com/css/app.dbca1cb6.css]
[salsanewyork.com/js/app.ab46c929.js]
[salsanewyork.com/favicon/ms-icon-144x144.png]
[salsanewyork.com/calendar/2019-10-27.html]
[salsanewyork.com/calendar/[object Object].html]
[salsanewyork.com/calendar/2019-10-28.html]
[salsanewyork.com/calendar/2019-10-29.html]
[salsanewyork.com/calendar/2019-10-30.html]
[salsanewyork.com/calendar/2019-10-31.html]
[salsanewyork.com/calendar/2019-11-01.html]
[salsanewyork.com/calendar/2019-11-02.html]
[salsanewyork.com/calendar/2019-11-03.html]
[salsanewyork.com/calendar/2019-11-04.html]
[salsanewyork.com/calendar/2019-11-05.html]
[salsanewyork.com/calendar/2019-11-06.html]
[salsanewyork.com/calendar/2019-11-07.html]
[salsanewyork.com/calendar/2019-11-08.html]
[salsanewyork.com/calendar/2019-11-09.html]
[salsanewyork.com/calendar/2019-11-10.html]
[salsanewyork.com/js/chunk-vendors.54ffc79d.js]
[salsanewyork.com/calendar/2019-11-11.html]
[salsanewyork.com/calendar/2019-11-13.html]
[salsanewyork.com/calendar/2019-11-14.html]
[salsanewyork.com/calendar/2019-11-15.html]
[salsanewyork.com/calendar/2019-11-12.html]
[salsanewyork.com/calendar/2019-11-16.html]
[salsanewyork.com/calendar/2019-11-17.html]
[salsanewyork.com/calendar/2019-11-18.html]
[salsanewyork.com/calendar/2019-11-19.html]
[salsanewyork.com/calendar/2019-11-20.html]
[salsanewyork.com/calendar/2019-11-21.html]
[salsanewyork.com/calendar/2019-11-22.html]
[salsanewyork.com/calendar/2019-11-23.html]
[salsanewyork.com/calendar/2019-11-24.html]
[salsanewyork.com/calendar/2019-11-25.html]
[salsanewyork.com/calendar/2019-11-26.html]
[salsanewyork.com/calendar/2019-11-28.html]
[salsanewyork.com/calendar/2019-11-27.html]
[salsanewyork.com/calendar/2019-11-29.html]
[salsanewyork.com/calendar/2019-11-30.html]
[www.google-analytics.com/analytics.js]
[salsanewyork.com/calendar/index.html]
[cdn-images.mailchimp.com/embedcode/classic-10_7.css]
[cdnjs.cloudflare.com/ajax/libs/animate.css/3.7.2/animate.min.css]
[salsanewyork.com/img/salsa-dancing.49a687c1.jpg]
[s3.amazonaws.com/qa.salsanewyork.com/img/blurred.jpg]
[salsanewyork.com/css/app.dbca1cb6.css]
[salsanewyork.com/css/chunk-vendors.96a655cf.css]
[salsanewyork.com/calendar/2019-10-27.html]
[salsanewyork.com/calendar/[object Object].html]
[salsanewyork.com/calendar/2019-10-28.html]
[salsanewyork.com/calendar/2019-10-29.html]
[salsanewyork.com/calendar/2019-10-30.html]
[salsanewyork.com/calendar/2019-10-31.html]
[salsanewyork.com/calendar/2019-11-01.html]
[salsanewyork.com/calendar/2019-11-02.html]
[salsanewyork.com/calendar/2019-11-03.html]
[salsanewyork.com/calendar/2019-11-04.html]
[salsanewyork.com/calendar/2019-11-05.html]
[salsanewyork.com/calendar/2019-11-06.html]
[salsanewyork.com/calendar/2019-11-07.html]
[salsanewyork.com/calendar/2019-11-08.html]
[salsanewyork.com/calendar/2019-11-09.html]
[salsanewyork.com/calendar/2019-11-10.html]
[salsanewyork.com/calendar/2019-11-11.html]
[salsanewyork.com/calendar/2019-11-12.html]
[salsanewyork.com/calendar/2019-11-13.html]
[salsanewyork.com/calendar/2019-11-14.html]
[salsanewyork.com/calendar/2019-11-15.html]
[salsanewyork.com/calendar/2019-11-16.html]
[salsanewyork.com/calendar/2019-11-17.html]
[salsanewyork.com/calendar/2019-11-18.html]
[salsanewyork.com/calendar/2019-11-19.html]
[salsanewyork.com/calendar/2019-11-20.html]
[salsanewyork.com/calendar/2019-11-21.html]
[salsanewyork.com/calendar/2019-11-22.html]
[salsanewyork.com/calendar/2019-11-23.html]
[salsanewyork.com/calendar/2019-11-24.html]
[salsanewyork.com/calendar/2019-11-25.html]
[salsanewyork.com/calendar/2019-11-26.html]
[salsanewyork.com/calendar/2019-11-27.html]
[salsanewyork.com/calendar/2019-11-28.html]
[salsanewyork.com/calendar/2019-11-29.html]
[salsanewyork.com/calendar/2019-11-30.html]
[s3.amazonaws.com/qa.salsanewyork.com/img/blurred.jpg]
